35,57
512
192
5000
.........................................................
.........................................................
.rr.rr..eeeeeeee...eeeeeeee...eeeeeeee...eeeeeeee..rr.rr.
.rr.rr..@@@@@@@@...@@@@@@@@...@@@@@@@@...@@@@@@@@..rr.rr.
.rr.rr..eeeeeeee...eeeeeeee...eeeeeeee...eeeeeeee..rr.rr.
.........................................................
.rr.rr..eeeeeeee...eeeeeeee...eeeeeeee...eeeeeeee..rr.rr.
.rr.rr..@@@@@@@@...@@@@@@@@...@@@@@@@@...@@@@@@@@..rr.rr.
.rr.rr..eeeeeeee...eeeeeeee...eeeeeeee...eeeeeeee..rr.rr.
.........................................................
.rr.rr..eeeeeeee...eeeeeeee...eeeeeeee...eeeeeeee..rr.rr.
.rr.rr..@@@@@@@@...@@@@@@@@...@@@@@@@@...@@@@@@@@..rr.rr.
.rr.rr..eeeeeeee...eeeeeeee...eeeeeeee...eeeeeeee..rr.rr.
.........................................................
.rr.rr..eeeeeeee...eeeeeeee...eeeeeeee...eeeeeeee..rr.rr.
.rr.rr..@@@@@@@@...@@@@@@@@...@@@@@@@@...@@@@@@@@..rr.rr.
.rr.rr..eeeeeeee...eeeeeeee...eeeeeeee...eeeeeeee..rr.rr.
.........................................................
.rr.rr..eeeeeeee...eeeeeeee...eeeeeeee...eeeeeeee..rr.rr.
.rr.rr..@@@@@@@@...@@@@@@@@...@@@@@@@@...@@@@@@@@..rr.rr.
.rr.rr..eeeeeeee...eeeeeeee...eeeeeeee...eeeeeeee..rr.rr.
.........................................................
.rr.rr..eeeeeeee...eeeeeeee...eeeeeeee...eeeeeeee..rr.rr.
.rr.rr..@@@@@@@@...@@@@@@@@...@@@@@@@@...@@@@@@@@..rr.rr.
.rr.rr..eeeeeeee...eeeeeeee...eeeeeeee...eeeeeeee..rr.rr.
.........................................................
.rr.rr..eeeeeeee...eeeeeeee...eeeeeeee...eeeeeeee..rr.rr.
.rr.rr..@@@@@@@@...@@@@@@@@...@@@@@@@@...@@@@@@@@..rr.rr.
.rr.rr..eeeeeeee...eeeeeeee...eeeeeeee...eeeeeeee..rr.rr.
.........................................................
.rr.rr..eeeeeeee...eeeeeeee...eeeeeeee...eeeeeeee..rr.rr.
.rr.rr..@@@@@@@@...@@@@@@@@...@@@@@@@@...@@@@@@@@..rr.rr.
.rr.rr..eeeeeeee...eeeeeeee...eeeeeeee...eeeeeeee..rr.rr.
.........................................................
.........................................................
