35,46
384
192
5000
..............................................
..............................................
.rr.rr..eeeeeeee...eeeeeeee...eeeeeeee..rr.rr.
.rr.rr..@@@@@@@@...@@@@@@@@...@@@@@@@@..rr.rr.
.rr.rr..eeeeeeee...eeeeeeee...eeeeeeee..rr.rr.
..............................................
.rr.rr..eeeeeeee...eeeeeeee...eeeeeeee..rr.rr.
.rr.rr..@@@@@@@@...@@@@@@@@...@@@@@@@@..rr.rr.
.rr.rr..eeeeeeee...eeeeeeee...eeeeeeee..rr.rr.
..............................................
.rr.rr..eeeeeeee...eeeeeeee...eeeeeeee..rr.rr.
.rr.rr..@@@@@@@@...@@@@@@@@...@@@@@@@@..rr.rr.
.rr.rr..eeeeeeee...eeeeeeee...eeeeeeee..rr.rr.
..............................................
.rr.rr..eeeeeeee...eeeeeeee...eeeeeeee..rr.rr.
.rr.rr..@@@@@@@@...@@@@@@@@...@@@@@@@@..rr.rr.
.rr.rr..eeeeeeee...eeeeeeee...eeeeeeee..rr.rr.
..............................................
.rr.rr..eeeeeeee...eeeeeeee...eeeeeeee..rr.rr.
.rr.rr..@@@@@@@@...@@@@@@@@...@@@@@@@@..rr.rr.
.rr.rr..eeeeeeee...eeeeeeee...eeeeeeee..rr.rr.
..............................................
.rr.rr..eeeeeeee...eeeeeeee...eeeeeeee..rr.rr.
.rr.rr..@@@@@@@@...@@@@@@@@...@@@@@@@@..rr.rr.
.rr.rr..eeeeeeee...eeeeeeee...eeeeeeee..rr.rr.
..............................................
.rr.rr..eeeeeeee...eeeeeeee...eeeeeeee..rr.rr.
.rr.rr..@@@@@@@@...@@@@@@@@...@@@@@@@@..rr.rr.
.rr.rr..eeeeeeee...eeeeeeee...eeeeeeee..rr.rr.
..............................................
.rr.rr..eeeeeeee...eeeeeeee...eeeeeeee..rr.rr.
.rr.rr..@@@@@@@@...@@@@@@@@...@@@@@@@@..rr.rr.
.rr.rr..eeeeeeee...eeeeeeee...eeeeeeee..rr.rr.
..............................................
..............................................
