c:\users\raoni\onedrive\desktop\github - copy\mapf-with-multi-level-architecture\rhcr-master\build\lifelong.dir\debug\vc141.pdb
c:\users\raoni\onedrive\desktop\github - copy\mapf-with-multi-level-architecture\rhcr-master\build\lifelong.dir\debug\prioritygraph.obj
c:\users\raoni\onedrive\desktop\github - copy\mapf-with-multi-level-architecture\rhcr-master\build\lifelong.dir\debug\pathtable.obj
c:\users\raoni\onedrive\desktop\github - copy\mapf-with-multi-level-architecture\rhcr-master\build\lifelong.dir\debug\pbsnode.obj
c:\users\raoni\onedrive\desktop\github - copy\mapf-with-multi-level-architecture\rhcr-master\build\lifelong.dir\debug\pbs.obj
c:\users\raoni\onedrive\desktop\github - copy\mapf-with-multi-level-architecture\rhcr-master\build\lifelong.dir\debug\onlinesystem.obj
c:\users\raoni\onedrive\desktop\github - copy\mapf-with-multi-level-architecture\rhcr-master\build\lifelong.dir\debug\onlinegraph.obj
c:\users\raoni\onedrive\desktop\github - copy\mapf-with-multi-level-architecture\rhcr-master\build\lifelong.dir\debug\multigoalsippadapter.obj
c:\users\raoni\onedrive\desktop\github - copy\mapf-with-multi-level-architecture\rhcr-master\build\lifelong.dir\debug\mapfsolver.obj
c:\users\raoni\onedrive\desktop\github - copy\mapf-with-multi-level-architecture\rhcr-master\build\lifelong.dir\debug\lrastar.obj
c:\users\raoni\onedrive\desktop\github - copy\mapf-with-multi-level-architecture\rhcr-master\build\lifelong.dir\debug\kivasystem.obj
c:\users\raoni\onedrive\desktop\github - copy\mapf-with-multi-level-architecture\rhcr-master\build\lifelong.dir\debug\kivagraph.obj
c:\users\raoni\onedrive\desktop\github - copy\mapf-with-multi-level-architecture\rhcr-master\build\lifelong.dir\debug\id.obj
c:\users\raoni\onedrive\desktop\github - copy\mapf-with-multi-level-architecture\rhcr-master\build\lifelong.dir\debug\ecbsnode.obj
c:\users\raoni\onedrive\desktop\github - copy\mapf-with-multi-level-architecture\rhcr-master\build\lifelong.dir\debug\dss.obj
c:\users\raoni\onedrive\desktop\github - copy\mapf-with-multi-level-architecture\rhcr-master\build\lifelong.dir\debug\bundleplanner.obj
c:\users\raoni\onedrive\desktop\github - copy\mapf-with-multi-level-architecture\rhcr-master\build\lifelong.dir\debug\beesystem.obj
c:\users\raoni\onedrive\desktop\github - copy\mapf-with-multi-level-architecture\rhcr-master\build\lifelong.dir\debug\beegraph.obj
c:\users\raoni\onedrive\desktop\github - copy\mapf-with-multi-level-architecture\rhcr-master\build\lifelong.dir\debug\basicsystem.obj
c:\users\raoni\onedrive\desktop\github - copy\mapf-with-multi-level-architecture\rhcr-master\build\lifelong.dir\debug\basicgraph.obj
c:\users\raoni\onedrive\desktop\github - copy\mapf-with-multi-level-architecture\rhcr-master\build\lifelong.dir\debug\driver.obj
c:\users\raoni\onedrive\desktop\github - copy\mapf-with-multi-level-architecture\rhcr-master\build\lifelong.dir\debug\common.obj
c:\users\raoni\onedrive\desktop\github - copy\mapf-with-multi-level-architecture\rhcr-master\build\lifelong.dir\debug\whcastar.obj
c:\users\raoni\onedrive\desktop\github - copy\mapf-with-multi-level-architecture\rhcr-master\build\lifelong.dir\debug\states.obj
c:\users\raoni\onedrive\desktop\github - copy\mapf-with-multi-level-architecture\rhcr-master\build\lifelong.dir\debug\statetimeastar.obj
c:\users\raoni\onedrive\desktop\github - copy\mapf-with-multi-level-architecture\rhcr-master\build\lifelong.dir\debug\sortingsystem.obj
c:\users\raoni\onedrive\desktop\github - copy\mapf-with-multi-level-architecture\rhcr-master\build\lifelong.dir\debug\sortinggraph.obj
c:\users\raoni\onedrive\desktop\github - copy\mapf-with-multi-level-architecture\rhcr-master\build\lifelong.dir\debug\singleagentsolver.obj
c:\users\raoni\onedrive\desktop\github - copy\mapf-with-multi-level-architecture\rhcr-master\build\lifelong.dir\debug\sipp.obj
c:\users\raoni\onedrive\desktop\github - copy\mapf-with-multi-level-architecture\rhcr-master\build\lifelong.dir\debug\reservationtable.obj
c:\users\raoni\onedrive\desktop\github - copy\mapf-with-multi-level-architecture\rhcr-master\build\lifelong.dir\debug\ecbs.obj
c:\users\raoni\onedrive\desktop\github - copy\mapf-with-multi-level-architecture\rhcr-master\build\cmakefiles\generate.stamp
c:\users\raoni\onedrive\desktop\github - copy\mapf-with-multi-level-architecture\rhcr-master\build\debug\lifelong.exe
c:\users\raoni\onedrive\desktop\github - copy\mapf-with-multi-level-architecture\rhcr-master\build\debug\lifelong.ilk
c:\users\raoni\onedrive\desktop\github - copy\mapf-with-multi-level-architecture\rhcr-master\build\debug\lifelong.pdb
c:\users\raoni\onedrive\desktop\github - copy\mapf-with-multi-level-architecture\rhcr-master\build\lifelong.dir\debug\lifelong.tlog\cl.command.1.tlog
c:\users\raoni\onedrive\desktop\github - copy\mapf-with-multi-level-architecture\rhcr-master\build\lifelong.dir\debug\lifelong.tlog\cl.read.1.tlog
c:\users\raoni\onedrive\desktop\github - copy\mapf-with-multi-level-architecture\rhcr-master\build\lifelong.dir\debug\lifelong.tlog\cl.write.1.tlog
c:\users\raoni\onedrive\desktop\github - copy\mapf-with-multi-level-architecture\rhcr-master\build\lifelong.dir\debug\lifelong.tlog\custombuild.command.1.tlog
c:\users\raoni\onedrive\desktop\github - copy\mapf-with-multi-level-architecture\rhcr-master\build\lifelong.dir\debug\lifelong.tlog\custombuild.read.1.tlog
c:\users\raoni\onedrive\desktop\github - copy\mapf-with-multi-level-architecture\rhcr-master\build\lifelong.dir\debug\lifelong.tlog\custombuild.write.1.tlog
c:\users\raoni\onedrive\desktop\github - copy\mapf-with-multi-level-architecture\rhcr-master\build\lifelong.dir\debug\lifelong.tlog\link.14484.delete.1.tlog
c:\users\raoni\onedrive\desktop\github - copy\mapf-with-multi-level-architecture\rhcr-master\build\lifelong.dir\debug\lifelong.tlog\link.16472.delete.1.tlog
c:\users\raoni\onedrive\desktop\github - copy\mapf-with-multi-level-architecture\rhcr-master\build\lifelong.dir\debug\lifelong.tlog\link.18252.delete.1.tlog
c:\users\raoni\onedrive\desktop\github - copy\mapf-with-multi-level-architecture\rhcr-master\build\lifelong.dir\debug\lifelong.tlog\link.19480.delete.1.tlog
c:\users\raoni\onedrive\desktop\github - copy\mapf-with-multi-level-architecture\rhcr-master\build\lifelong.dir\debug\lifelong.tlog\link.19984.delete.1.tlog
c:\users\raoni\onedrive\desktop\github - copy\mapf-with-multi-level-architecture\rhcr-master\build\lifelong.dir\debug\lifelong.tlog\link.20484.delete.1.tlog
c:\users\raoni\onedrive\desktop\github - copy\mapf-with-multi-level-architecture\rhcr-master\build\lifelong.dir\debug\lifelong.tlog\link.20648.delete.1.tlog
c:\users\raoni\onedrive\desktop\github - copy\mapf-with-multi-level-architecture\rhcr-master\build\lifelong.dir\debug\lifelong.tlog\link.21724.delete.1.tlog
c:\users\raoni\onedrive\desktop\github - copy\mapf-with-multi-level-architecture\rhcr-master\build\lifelong.dir\debug\lifelong.tlog\link.22488.delete.1.tlog
c:\users\raoni\onedrive\desktop\github - copy\mapf-with-multi-level-architecture\rhcr-master\build\lifelong.dir\debug\lifelong.tlog\link.23264.delete.1.tlog
c:\users\raoni\onedrive\desktop\github - copy\mapf-with-multi-level-architecture\rhcr-master\build\lifelong.dir\debug\lifelong.tlog\link.24164.delete.1.tlog
c:\users\raoni\onedrive\desktop\github - copy\mapf-with-multi-level-architecture\rhcr-master\build\lifelong.dir\debug\lifelong.tlog\link.24988.delete.1.tlog
c:\users\raoni\onedrive\desktop\github - copy\mapf-with-multi-level-architecture\rhcr-master\build\lifelong.dir\debug\lifelong.tlog\link.2700.delete.1.tlog
c:\users\raoni\onedrive\desktop\github - copy\mapf-with-multi-level-architecture\rhcr-master\build\lifelong.dir\debug\lifelong.tlog\link.27768.delete.1.tlog
c:\users\raoni\onedrive\desktop\github - copy\mapf-with-multi-level-architecture\rhcr-master\build\lifelong.dir\debug\lifelong.tlog\link.28008.delete.1.tlog
c:\users\raoni\onedrive\desktop\github - copy\mapf-with-multi-level-architecture\rhcr-master\build\lifelong.dir\debug\lifelong.tlog\link.28160.delete.1.tlog
c:\users\raoni\onedrive\desktop\github - copy\mapf-with-multi-level-architecture\rhcr-master\build\lifelong.dir\debug\lifelong.tlog\link.31104.delete.1.tlog
c:\users\raoni\onedrive\desktop\github - copy\mapf-with-multi-level-architecture\rhcr-master\build\lifelong.dir\debug\lifelong.tlog\link.34332.delete.1.tlog
c:\users\raoni\onedrive\desktop\github - copy\mapf-with-multi-level-architecture\rhcr-master\build\lifelong.dir\debug\lifelong.tlog\link.4508.delete.1.tlog
c:\users\raoni\onedrive\desktop\github - copy\mapf-with-multi-level-architecture\rhcr-master\build\lifelong.dir\debug\lifelong.tlog\link.6500.delete.1.tlog
c:\users\raoni\onedrive\desktop\github - copy\mapf-with-multi-level-architecture\rhcr-master\build\lifelong.dir\debug\lifelong.tlog\link.8108.delete.1.tlog
c:\users\raoni\onedrive\desktop\github - copy\mapf-with-multi-level-architecture\rhcr-master\build\lifelong.dir\debug\lifelong.tlog\link.9636.delete.1.tlog
c:\users\raoni\onedrive\desktop\github - copy\mapf-with-multi-level-architecture\rhcr-master\build\lifelong.dir\debug\lifelong.tlog\link.command.1.tlog
c:\users\raoni\onedrive\desktop\github - copy\mapf-with-multi-level-architecture\rhcr-master\build\lifelong.dir\debug\lifelong.tlog\link.read.1.tlog
c:\users\raoni\onedrive\desktop\github - copy\mapf-with-multi-level-architecture\rhcr-master\build\lifelong.dir\debug\lifelong.tlog\link.write.1.tlog
